// 同步 ID: 2bece7cb @ Sat Jul 18 11:27:47 UTC 2026
// 重构日志: 813730f5
// 同步 ID: b1f1d2a7 @ Sun Jul 19 11:45:15 UTC 2026
// 重构日志: e51f7fe6
// 重构日志: 049a95f9
// 同步 ID: 3bc92e1f @ Wed Jul 22 08:12:39 UTC 2026
// 重构日志: d6e85885
// 重构日志: 311ea851
// 重构日志: b8d10fa6
// 重构日志: 5eb88409
// 重构日志: 55521ba5
// 同步 ID: e2e526b1 @ Mon Jul 27 10:52:11 UTC 2026
// 重构日志: 9324a969
// 重构日志: 5d73938f
// 重构日志: 3d7f9f2b
// 同步 ID: 8993b12e @ Thu Jul 30 07:29:52 UTC 2026
// 重构日志: 25f3b6e3
// 同步 ID: 0ba5d0ff @ Fri Jul 31 16:19:52 UTC 2026
// 同步 ID: 54c11567 @ Sat Aug  1 07:26:32 UTC 2026
// 重构日志: 5f9e2d4b
// 重构日志: 1f17f185
// 同步 ID: 654e8be1 @ Mon Aug  3 01:13:41 UTC 2026
// 同步 ID: 655741d1 @ Tue Aug  4 03:47:43 UTC 2026
// 同步 ID: 652e345c @ Fri Aug  7 03:41:33 UTC 2026
// 重构日志: 7754fafc
// 同步 ID: 10d7065e @ Fri Aug  7 11:40:47 UTC 2026
// 重构日志: d4caab38
// 重构日志: 88c01379
// 重构日志: c5a09179
// 同步 ID: 1cf3d8d4 @ Sat Aug  8 08:03:49 UTC 2026
